# serializer version: 1
# name: TestZmanimAPI.test_readme_example_english[Petah Tikva]
  '''
  Alot HaShachar - 04:52:00
  Talit & Tefilin's time - 05:18:00
  Sunrise - 06:08:00
  Shema EOT MG"A - 08:46:00
  Shema EOT GR"A - 09:23:00
  Tefila EOT MG"A - 10:04:00
  Tefila EOT GR"A - 10:28:00
  Midday - 12:40:00
  Big Mincha - 13:10:30
  Big Mincha 30 min - 13:10:00
  Small Mincha - 16:25:30
  Plag Mincha - 17:50:45
  Sunset - 19:12:00
  End of fast - 19:40:00
  End of Shabbat - 19:50:00
  Tset Hakochavim (18 minutes) - 19:31:30
  Night by Rabbeinu Tam - 20:30:00
  Midnight - 00:40:00
  '''
# ---
# name: TestZmanimAPI.test_readme_example_hebrew[Petah Tikva]
  '''
  עלות השחר - 04:52:00
  זמן טלית ותפילין - 05:18:00
  הנץ החמה - 06:08:00
  סוף זמן ק"ש מג"א - 08:46:00
  סוף זמן ק"ש גר"א - 09:23:00
  סוף זמן תפילה מג"א - 10:04:00
  סוף זמן תפילה גר"א - 10:28:00
  חצות היום - 12:40:00
  מנחה גדולה - 13:10:30
  מנחה גדולה 30 דק - 13:10:00
  מנחה קטנה - 16:25:30
  פלג המנחה - 17:50:45
  שקיעה - 19:12:00
  מוצאי צום - 19:40:00
  מוצאי שבת - 19:50:00
  צאת הכוכבים (18 דק) - 19:31:30
  לילה לרבנו תם - 20:30:00
  חצות הלילה - 00:40:00
  '''
# ---
